/data/casper/mlib_devel_cbass/c09f12_01/XPS_ROACH_base/implementation/system.ngc 1407513208
/data/casper/mlib_devel_cbass/c09f12_01/XPS_ROACH_base/implementation/system_opb_katadccontroller_0_wrapper.ngc 1407512423
/data/casper/mlib_devel_cbass/c09f12_01/XPS_ROACH_base/implementation/system_infrastructure_inst_wrapper.ngc 1407512429
/data/casper/mlib_devel_cbass/c09f12_01/XPS_ROACH_base/implementation/system_reset_block_inst_wrapper.ngc 1407512435
/data/casper/mlib_devel_cbass/c09f12_01/XPS_ROACH_base/implementation/system_opb0_wrapper.ngc 1407512444
/data/casper/mlib_devel_cbass/c09f12_01/XPS_ROACH_base/implementation/system_epb_opb_bridge_inst_wrapper.ngc 1407512450
/data/casper/mlib_devel_cbass/c09f12_01/XPS_ROACH_base/implementation/system_epb_infrastructure_inst_wrapper.ngc 1407512456
/data/casper/mlib_devel_cbass/c09f12_01/XPS_ROACH_base/implementation/system_sys_block_inst_wrapper.ngc 1407512462
/data/casper/mlib_devel_cbass/c09f12_01/XPS_ROACH_base/implementation/system_xaui_infrastructure_inst_wrapper.ngc 1407512471
/data/casper/mlib_devel_cbass/c09f12_01/XPS_ROACH_base/implementation/system_c09f12_01_xsg_core_config_wrapper.ngc 1407512963
/data/casper/mlib_devel_cbass/c09f12_01/XPS_ROACH_base/implementation/system_c09f12_01_a0_fd0_wrapper.ngc 1407512483
/data/casper/mlib_devel_cbass/c09f12_01/XPS_ROACH_base/implementation/system_c09f12_01_a0_fd1_wrapper.ngc 1407512489
/data/casper/mlib_devel_cbass/c09f12_01/XPS_ROACH_base/implementation/system_c09f12_01_a1_fd0_wrapper.ngc 1407512495
/data/casper/mlib_devel_cbass/c09f12_01/XPS_ROACH_base/implementation/system_c09f12_01_a1_fd1_wrapper.ngc 1407512501
/data/casper/mlib_devel_cbass/c09f12_01/XPS_ROACH_base/implementation/system_c09f12_01_adc_ctrl0_wrapper.ngc 1407512507
/data/casper/mlib_devel_cbass/c09f12_01/XPS_ROACH_base/implementation/system_c09f12_01_adc_ctrl1_wrapper.ngc 1407512513
/data/casper/mlib_devel_cbass/c09f12_01/XPS_ROACH_base/implementation/system_c09f12_01_adc_snap0_bram_ramblk_wrapper.ngc 1407512967
/data/casper/mlib_devel_cbass/c09f12_01/XPS_ROACH_base/implementation/system_c09f12_01_adc_snap0_bram_wrapper.ngc 1407512525
/data/casper/mlib_devel_cbass/c09f12_01/XPS_ROACH_base/implementation/system_c09f12_01_adc_snap0_ctrl_wrapper.ngc 1407512531
/data/casper/mlib_devel_cbass/c09f12_01/XPS_ROACH_base/implementation/system_c09f12_01_adc_snap0_status_wrapper.ngc 1407512537
/data/casper/mlib_devel_cbass/c09f12_01/XPS_ROACH_base/implementation/system_c09f12_01_adc_snap0_tr_en_cnt_wrapper.ngc 1407512543
/data/casper/mlib_devel_cbass/c09f12_01/XPS_ROACH_base/implementation/system_c09f12_01_adc_snap0_trig_offset_wrapper.ngc 1407512549
/data/casper/mlib_devel_cbass/c09f12_01/XPS_ROACH_base/implementation/system_c09f12_01_adc_snap0_val_wrapper.ngc 1407512555
/data/casper/mlib_devel_cbass/c09f12_01/XPS_ROACH_base/implementation/system_c09f12_01_adc_snap1_bram_ramblk_wrapper.ngc 1407512971
/data/casper/mlib_devel_cbass/c09f12_01/XPS_ROACH_base/implementation/system_c09f12_01_adc_snap1_bram_wrapper.ngc 1407512566
/data/casper/mlib_devel_cbass/c09f12_01/XPS_ROACH_base/implementation/system_c09f12_01_adc_snap1_ctrl_wrapper.ngc 1407512572
/data/casper/mlib_devel_cbass/c09f12_01/XPS_ROACH_base/implementation/system_c09f12_01_adc_snap1_status_wrapper.ngc 1407512578
/data/casper/mlib_devel_cbass/c09f12_01/XPS_ROACH_base/implementation/system_c09f12_01_adc_snap1_tr_en_cnt_wrapper.ngc 1407512584
/data/casper/mlib_devel_cbass/c09f12_01/XPS_ROACH_base/implementation/system_c09f12_01_adc_snap1_trig_offset_wrapper.ngc 1407512590
/data/casper/mlib_devel_cbass/c09f12_01/XPS_ROACH_base/implementation/system_c09f12_01_adc_snap1_val_wrapper.ngc 1407512596
/data/casper/mlib_devel_cbass/c09f12_01/XPS_ROACH_base/implementation/system_c09f12_01_adc_sum_sq0_wrapper.ngc 1407512602
/data/casper/mlib_devel_cbass/c09f12_01/XPS_ROACH_base/implementation/system_c09f12_01_adc_sum_sq1_wrapper.ngc 1407512608
/data/casper/mlib_devel_cbass/c09f12_01/XPS_ROACH_base/implementation/system_c09f12_01_board_id_wrapper.ngc 1407512614
/data/casper/mlib_devel_cbass/c09f12_01/XPS_ROACH_base/implementation/system_c09f12_01_clk_frequency_wrapper.ngc 1407512619
/data/casper/mlib_devel_cbass/c09f12_01/XPS_ROACH_base/implementation/system_c09f12_01_coarse_ctrl_wrapper.ngc 1407512625
/data/casper/mlib_devel_cbass/c09f12_01/XPS_ROACH_base/implementation/system_c09f12_01_coarse_delay0_wrapper.ngc 1407512632
/data/casper/mlib_devel_cbass/c09f12_01/XPS_ROACH_base/implementation/system_c09f12_01_coarse_delay1_wrapper.ngc 1407512638
/data/casper/mlib_devel_cbass/c09f12_01/XPS_ROACH_base/implementation/system_c09f12_01_control_wrapper.ngc 1407512644
/data/casper/mlib_devel_cbass/c09f12_01/XPS_ROACH_base/implementation/system_c09f12_01_delay_tr_status0_wrapper.ngc 1407512649
/data/casper/mlib_devel_cbass/c09f12_01/XPS_ROACH_base/implementation/system_c09f12_01_delay_tr_status1_wrapper.ngc 1407512655
/data/casper/mlib_devel_cbass/c09f12_01/XPS_ROACH_base/implementation/system_c09f12_01_eq0_ramblk_wrapper.ngc 1407512974
/data/casper/mlib_devel_cbass/c09f12_01/XPS_ROACH_base/implementation/system_c09f12_01_eq0_wrapper.ngc 1407512667
/data/casper/mlib_devel_cbass/c09f12_01/XPS_ROACH_base/implementation/system_c09f12_01_eq1_ramblk_wrapper.ngc 1407512978
/data/casper/mlib_devel_cbass/c09f12_01/XPS_ROACH_base/implementation/system_c09f12_01_eq1_wrapper.ngc 1407512679
/data/casper/mlib_devel_cbass/c09f12_01/XPS_ROACH_base/implementation/system_c09f12_01_fine_ctrl_wrapper.ngc 1407512684
/data/casper/mlib_devel_cbass/c09f12_01/XPS_ROACH_base/implementation/system_c09f12_01_fstatus0_wrapper.ngc 1407512690
/data/casper/mlib_devel_cbass/c09f12_01/XPS_ROACH_base/implementation/system_c09f12_01_fstatus1_wrapper.ngc 1407512696
/data/casper/mlib_devel_cbass/c09f12_01/XPS_ROACH_base/implementation/system_c09f12_01_gbe0_wrapper.ngc 1407512981
/data/casper/mlib_devel_cbass/c09f12_01/XPS_ROACH_base/implementation/system_xaui_phy_0_wrapper.ngc 1407512985
/data/casper/mlib_devel_cbass/c09f12_01/XPS_ROACH_base/implementation/system_c09f12_01_gbe_ip0_wrapper.ngc 1407512726
/data/casper/mlib_devel_cbass/c09f12_01/XPS_ROACH_base/implementation/system_c09f12_01_gbe_port_wrapper.ngc 1407512732
/data/casper/mlib_devel_cbass/c09f12_01/XPS_ROACH_base/implementation/system_c09f12_01_gbe_tx_cnt0_wrapper.ngc 1407512738
/data/casper/mlib_devel_cbass/c09f12_01/XPS_ROACH_base/implementation/system_c09f12_01_gbe_tx_err_cnt0_wrapper.ngc 1407512743
/data/casper/mlib_devel_cbass/c09f12_01/XPS_ROACH_base/implementation/system_c09f12_01_katadc0_wrapper.ngc 1407512989
/data/casper/mlib_devel_cbass/c09f12_01/XPS_ROACH_base/implementation/system_iic_adc0_wrapper.ngc 1407512992
/data/casper/mlib_devel_cbass/c09f12_01/XPS_ROACH_base/implementation/system_iic_infrastructure_adc0_wrapper.ngc 1407512763
/data/casper/mlib_devel_cbass/c09f12_01/XPS_ROACH_base/implementation/system_c09f12_01_ld_time_lsw0_wrapper.ngc 1407512770
/data/casper/mlib_devel_cbass/c09f12_01/XPS_ROACH_base/implementation/system_c09f12_01_ld_time_lsw1_wrapper.ngc 1407512776
/data/casper/mlib_devel_cbass/c09f12_01/XPS_ROACH_base/implementation/system_c09f12_01_ld_time_msw0_wrapper.ngc 1407512782
/data/casper/mlib_devel_cbass/c09f12_01/XPS_ROACH_base/implementation/system_c09f12_01_ld_time_msw1_wrapper.ngc 1407512787
/data/casper/mlib_devel_cbass/c09f12_01/XPS_ROACH_base/implementation/system_c09f12_01_leds_roach_gpioa0_wrapper.ngc 1407512793
/data/casper/mlib_devel_cbass/c09f12_01/XPS_ROACH_base/implementation/system_c09f12_01_leds_roach_gpioa1_wrapper.ngc 1407512799
/data/casper/mlib_devel_cbass/c09f12_01/XPS_ROACH_base/implementation/system_c09f12_01_leds_roach_gpioa2_wrapper.ngc 1407512804
/data/casper/mlib_devel_cbass/c09f12_01/XPS_ROACH_base/implementation/system_c09f12_01_leds_roach_gpioa3_wrapper.ngc 1407512810
/data/casper/mlib_devel_cbass/c09f12_01/XPS_ROACH_base/implementation/system_c09f12_01_leds_roach_gpioa4_wrapper.ngc 1407512816
/data/casper/mlib_devel_cbass/c09f12_01/XPS_ROACH_base/implementation/system_c09f12_01_leds_roach_gpioa5_wrapper.ngc 1407512821
/data/casper/mlib_devel_cbass/c09f12_01/XPS_ROACH_base/implementation/system_c09f12_01_leds_roach_gpioa6_wrapper.ngc 1407512827
/data/casper/mlib_devel_cbass/c09f12_01/XPS_ROACH_base/implementation/system_c09f12_01_leds_roach_gpioa7_wrapper.ngc 1407512832
/data/casper/mlib_devel_cbass/c09f12_01/XPS_ROACH_base/implementation/system_c09f12_01_leds_roach_gpioa_oe_wrapper.ngc 1407512838
/data/casper/mlib_devel_cbass/c09f12_01/XPS_ROACH_base/implementation/system_c09f12_01_leds_roach_led0_wrapper.ngc 1407512844
/data/casper/mlib_devel_cbass/c09f12_01/XPS_ROACH_base/implementation/system_c09f12_01_leds_roach_led1_wrapper.ngc 1407512849
/data/casper/mlib_devel_cbass/c09f12_01/XPS_ROACH_base/implementation/system_c09f12_01_leds_roach_led2_wrapper.ngc 1407512855
/data/casper/mlib_devel_cbass/c09f12_01/XPS_ROACH_base/implementation/system_c09f12_01_leds_roach_led3_wrapper.ngc 1407512861
/data/casper/mlib_devel_cbass/c09f12_01/XPS_ROACH_base/implementation/system_c09f12_01_mcount_lsw_wrapper.ngc 1407512866
/data/casper/mlib_devel_cbass/c09f12_01/XPS_ROACH_base/implementation/system_c09f12_01_mcount_msw_wrapper.ngc 1407512872
/data/casper/mlib_devel_cbass/c09f12_01/XPS_ROACH_base/implementation/system_c09f12_01_pps_count_wrapper.ngc 1407512878
/data/casper/mlib_devel_cbass/c09f12_01/XPS_ROACH_base/implementation/system_qdr0_controller_wrapper.ngc 1407512888
/data/casper/mlib_devel_cbass/c09f12_01/XPS_ROACH_base/implementation/system_qdr0_sniffer_wrapper.ngc 1407512894
/data/casper/mlib_devel_cbass/c09f12_01/XPS_ROACH_base/implementation/system_c09f12_01_rcs_app_wrapper.ngc 1407512900
/data/casper/mlib_devel_cbass/c09f12_01/XPS_ROACH_base/implementation/system_c09f12_01_rcs_lib_wrapper.ngc 1407512906
/data/casper/mlib_devel_cbass/c09f12_01/XPS_ROACH_base/implementation/system_c09f12_01_rcs_user_wrapper.ngc 1407512911
/data/casper/mlib_devel_cbass/c09f12_01/XPS_ROACH_base/implementation/system_c09f12_01_snap_debug_addr_wrapper.ngc 1407512917
/data/casper/mlib_devel_cbass/c09f12_01/XPS_ROACH_base/implementation/system_c09f12_01_snap_debug_bram_ramblk_wrapper.ngc 1407512996
/data/casper/mlib_devel_cbass/c09f12_01/XPS_ROACH_base/implementation/system_c09f12_01_snap_debug_bram_wrapper.ngc 1407512929
/data/casper/mlib_devel_cbass/c09f12_01/XPS_ROACH_base/implementation/system_c09f12_01_snap_debug_ctrl_wrapper.ngc 1407512935
/data/casper/mlib_devel_cbass/c09f12_01/XPS_ROACH_base/implementation/system_c09f12_01_trig_level_wrapper.ngc 1407512941
/data/casper/mlib_devel_cbass/c09f12_01/XPS_ROACH_base/implementation/system_opb1_wrapper.ngc 1407512950
/data/casper/mlib_devel_cbass/c09f12_01/XPS_ROACH_base/implementation/system_opb2opb_bridge_opb1_wrapper.ngc 1407512956
OK
